Copyright 1986-2022 Xilinx, Inc. All Rights Reserved.
--------------------------------------------------------------------------------------
| Tool Version : Vivado v.2022.2 (win64) Build 3671981 Fri Oct 14 05:00:03 MDT 2022
| Date         : Fri Jun 30 05:25:37 2023
| Host         : Milanesi-Dell running 64-bit major release  (build 9200)
| Command      : report_control_sets -verbose -file topModule_control_sets_placed.rpt
| Design       : topModule
| Device       : xc7s50
--------------------------------------------------------------------------------------

Control Set Information

Table of Contents
-----------------
1. Summary
2. Histogram
3. Flip-Flop Distribution
4. Detailed Control Set Information

1. Summary
----------

+----------------------------------------------------------+-------+
|                          Status                          | Count |
+----------------------------------------------------------+-------+
| Total control sets                                       |    10 |
|    Minimum number of control sets                        |    10 |
|    Addition due to synthesis replication                 |     0 |
|    Addition due to physical synthesis replication        |     0 |
| Unused register locations in slices containing registers |    21 |
+----------------------------------------------------------+-------+
* Control sets can be merged at opt_design using control_set_merge or merge_equivalent_drivers
** Run report_qor_suggestions for automated merging and remapping suggestions


2. Histogram
------------

+--------------------+-------+
|       Fanout       | Count |
+--------------------+-------+
| Total control sets |    10 |
| >= 0 to < 4        |     0 |
| >= 4 to < 6        |     1 |
| >= 6 to < 8        |     3 |
| >= 8 to < 10       |     1 |
| >= 10 to < 12      |     0 |
| >= 12 to < 14      |     2 |
| >= 14 to < 16      |     0 |
| >= 16              |     3 |
+--------------------+-------+
* Control sets can be remapped at either synth_design or opt_design


3. Flip-Flop Distribution
-------------------------

+--------------+-----------------------+------------------------+-----------------+--------------+
| Clock Enable | Synchronous Set/Reset | Asynchronous Set/Reset | Total Registers | Total Slices |
+--------------+-----------------------+------------------------+-----------------+--------------+
| No           | No                    | No                     |             136 |           52 |
| No           | No                    | Yes                    |               0 |            0 |
| No           | Yes                   | No                     |              56 |           15 |
| Yes          | No                    | No                     |              11 |            3 |
| Yes          | No                    | Yes                    |               0 |            0 |
| Yes          | Yes                   | No                     |               0 |            0 |
+--------------+-----------------------+------------------------+-----------------+--------------+


4. Detailed Control Set Information
-----------------------------------

+-----------------------------------------+------------------------------------+-------------------------------+------------------+----------------+--------------+
|               Clock Signal              |            Enable Signal           |        Set/Reset Signal       | Slice Load Count | Bel Load Count | Bels / Slice |
+-----------------------------------------+------------------------------------+-------------------------------+------------------+----------------+--------------+
|  FSM_sequential_contData_reg[4]_i_2_n_0 | FSM_sequential_contData[4]_i_1_n_0 |                               |                1 |              5 |         5.00 |
|  clk_IBUF_BUFG                          | u1/ready_rising                    |                               |                2 |              6 |         3.00 |
|  errorTx/TxD_ready                      |                                    |                               |                2 |              6 |         3.00 |
|  clk_IBUF_BUFG                          |                                    | gen_baud/cont1[0]_i_1__1_n_0  |                2 |              7 |         3.50 |
|  reloj_20khz/cont2                      |                                    | PID_inst/CO[0]                |                1 |              8 |         8.00 |
|  gen_baud/cont2_reg[0]_0                |                                    | clk_TxDstart/SR[0]            |                4 |             12 |         3.00 |
|  clk_IBUF_BUFG                          |                                    | reloj_20khz/clear             |                4 |             13 |         3.25 |
|  clk_IBUF_BUFG                          |                                    | clk_TxDstart/cont1[0]_i_1_n_0 |                4 |             16 |         4.00 |
|  FSM_sequential_contData_reg[4]_i_2_n_0 |                                    |                               |               21 |             42 |         2.00 |
|  clk_IBUF_BUFG                          |                                    |                               |               29 |             88 |         3.03 |
+-----------------------------------------+------------------------------------+-------------------------------+------------------+----------------+--------------+


